// Jest Snapshot v1, https://goo.gl/fbAQLP

exports[`<Box /> rendering matches snapshot 1`] = `
<DocumentFragment>
  <div
    class="Box"
    style="width: 10em; height: 10em; background-color: yellow;"
  />
  <button
    class="Box-btn"
  >
    X
  </button>
</DocumentFragment>
`;
